[debug] [2026-01-29T03:02:05.693Z] ----------------------------------------------------------------------
[debug] [2026-01-29T03:02:05.694Z] Command:       /Users/prasanth/.nvm/versions/node/v18.12.1/bin/node /Users/prasanth/.nvm/versions/node/v18.12.1/bin/firebase init
[debug] [2026-01-29T03:02:05.694Z] CLI Version:   13.9.0
[debug] [2026-01-29T03:02:05.694Z] Platform:      darwin
[debug] [2026-01-29T03:02:05.694Z] Node Version:  v18.12.1
[debug] [2026-01-29T03:02:05.698Z] Time:          Thu Jan 29 2026 08:32:05 GMT+0530 (India Standard Time)
[debug] [2026-01-29T03:02:05.698Z] ----------------------------------------------------------------------
[debug] 
[debug] [2026-01-29T03:02:05.698Z] >>> [apiv2][query] GET https://firebase-public.firebaseio.com/cli.json [none]
[debug] [2026-01-29T03:02:05.716Z] > command requires scopes: ["email","openid","https://www.googleapis.com/auth/cloudplatformprojects.readonly","https://www.googleapis.com/auth/firebase","https://www.googleapis.com/auth/cloud-platform"]
[debug] [2026-01-29T03:02:05.716Z] > authorizing via signed-in user (prasanth@code3x.tech)
[info] 
     ######## #### ########  ######## ########     ###     ######  ########
     ##        ##  ##     ## ##       ##     ##  ##   ##  ##       ##
     ######    ##  ########  ######   ########  #########  ######  ######
     ##        ##  ##    ##  ##       ##     ## ##     ##       ## ##
     ##       #### ##     ## ######## ########  ##     ##  ######  ########

You're about to initialize a Firebase project in this directory:

  /Users/prasanth/Documents/Personal/Projects/GLOWPOINT EVENTS/glow-point-events

[debug] [2026-01-29T03:02:06.759Z] <<< [apiv2][status] GET https://firebase-public.firebaseio.com/cli.json 200
[debug] [2026-01-29T03:02:06.761Z] <<< [apiv2][body] GET https://firebase-public.firebaseio.com/cli.json {"cloudBuildErrorAfter":1594252800000,"cloudBuildWarnAfter":1590019200000,"defaultNode10After":1594252800000,"minVersion":"3.0.5","node8DeploysDisabledAfter":1613390400000,"node8RuntimeDisabledAfter":1615809600000,"node8WarnAfter":1600128000000}
[info] 
=== Project Setup
[info] 
[info] First, let's associate this project directory with a Firebase project.
[info] You can create multiple project aliases by running firebase use --add, 
[info] but for now we'll just set up a default project.
[info] 
